// Jest Snapshot v1, https://goo.gl/fbAQLP

exports[`renders without crashing 1`] = `
<div
  className="App"
>
  <header
    className="App-header"
  >
    <div
      className="App-languages"
    >
      <a
        href="/?locale=cs"
      >
        ƒçesky
      </a>
      <a
        href="/?locale=en"
      >
        English
      </a>
    </div>
    <img
      alt="logo"
      className="App-logo"
      src="logo.svg"
    />
    <h1
      className="App-title"
    >
      <span>
        Welcome to React!
      </span>
    </h1>
  </header>
  <p
    className="App-intro"
  >
    <span>
      To get started, edit 
      <code>
        src/App.tsx
      </code>
       and save to reload.
    </span>
  </p>
</div>
`;
